src/app/(main)/ut/page.tsx(776,102): error TS18046: 'row' is of type 'unknown'.
src/app/(main)/ut/page.tsx(777,95): error TS18046: 'row' is of type 'unknown'.
src/app/(main)/ut/page.tsx(778,108): error TS18046: 'row' is of type 'unknown'.
src/app/api/aanwijzing/route.ts(34,39): error TS2345: Argument of type '(request: NextRequest) => Promise<NextResponse<{ success: boolean; message: string | undefined; data: { id: string; }; }>>' is not assignable to parameter of type '(...args: unknown[]) => Promise<NextResponse<unknown>>'.
  Types of parameters 'request' and 'args' are incompatible.
    Type 'unknown' is not assignable to type 'NextRequest'.
src/app/api/aanwijzing/route.ts(82,41): error TS2345: Argument of type '(request: NextRequest) => Promise<NextResponse<{ success: boolean; message: string | undefined; data: null; }>>' is not assignable to parameter of type '(...args: unknown[]) => Promise<NextResponse<unknown>>'.
  Types of parameters 'request' and 'args' are incompatible.
    Type 'unknown' is not assignable to type 'NextRequest'.
src/app/api/boq/route.ts(22,39): error TS2345: Argument of type '(request: NextRequest) => Promise<NextResponse<{ success: boolean; message: string | undefined; data: { id: string; nama_lop: string; row_count: number; }; }>>' is not assignable to parameter of type '(...args: unknown[]) => Promise<NextResponse<unknown>>'.
  Types of parameters 'request' and 'args' are incompatible.
    Type 'unknown' is not assignable to type 'NextRequest'.
src/app/api/boq/route.ts(90,41): error TS2345: Argument of type '(request: NextRequest) => Promise<NextResponse<{ success: boolean; message: string | undefined; data: null; }>>' is not assignable to parameter of type '(...args: unknown[]) => Promise<NextResponse<unknown>>'.
  Types of parameters 'request' and 'args' are incompatible.
    Type 'unknown' is not assignable to type 'NextRequest'.
src/app/api/ut/route.ts(34,39): error TS2345: Argument of type '(request: NextRequest) => Promise<NextResponse<{ success: boolean; message: string | undefined; data: { id: string; }; }>>' is not assignable to parameter of type '(...args: unknown[]) => Promise<NextResponse<unknown>>'.
  Types of parameters 'request' and 'args' are incompatible.
    Type 'unknown' is not assignable to type 'NextRequest'.
src/app/api/ut/route.ts(84,41): error TS2345: Argument of type '(request: NextRequest) => Promise<NextResponse<{ success: boolean; message: string | undefined; data: null; }>>' is not assignable to parameter of type '(...args: unknown[]) => Promise<NextResponse<unknown>>'.
  Types of parameters 'request' and 'args' are incompatible.
    Type 'unknown' is not assignable to type 'NextRequest'.
src/components/features/recap/DistributionCharts.tsx(105,19): error TS2322: Type '(value: number | string) => string' is not assignable to type 'Formatter<ValueType, NameType> & ((value: ValueType, name: NameType, item: TooltipPayloadEntry, index: number, payload: TooltipPayload) => ReactNode | [...])'.
  Type '(value: number | string) => string' is not assignable to type 'Formatter<ValueType, NameType>'.
    Types of parameters 'value' and 'value' are incompatible.
      Type 'ValueType | undefined' is not assignable to type 'string | number'.
        Type 'undefined' is not assignable to type 'string | number'.
src/components/features/recap/TimelineChart.tsx(56,19): error TS2322: Type '(value: number) => string' is not assignable to type 'Formatter<ValueType, NameType> & ((value: ValueType, name: NameType, item: TooltipPayloadEntry, index: number, payload: TooltipPayload) => ReactNode | [...])'.
  Type '(value: number) => string' is not assignable to type 'Formatter<ValueType, NameType>'.
    Types of parameters 'value' and 'value' are incompatible.
      Type 'ValueType | undefined' is not assignable to type 'number'.
        Type 'undefined' is not assignable to type 'number'.
src/components/features/report/PerformanceCharts.tsx(67,19): error TS2322: Type '(v: number) => string' is not assignable to type 'Formatter<ValueType, NameType> & ((value: ValueType, name: NameType, item: TooltipPayloadEntry, index: number, payload: TooltipPayload) => ReactNode | [...])'.
  Type '(v: number) => string' is not assignable to type 'Formatter<ValueType, NameType>'.
    Types of parameters 'v' and 'value' are incompatible.
      Type 'ValueType | undefined' is not assignable to type 'number'.
        Type 'undefined' is not assignable to type 'number'.
src/components/features/report/PerformanceCharts.tsx(97,28): error TS2322: Type '(v: number) => string' is not assignable to type 'Formatter<ValueType, NameType> & ((value: ValueType, name: NameType, item: TooltipPayloadEntry, index: number, payload: TooltipPayload) => ReactNode | [...])'.
  Type '(v: number) => string' is not assignable to type 'Formatter<ValueType, NameType>'.
    Types of parameters 'v' and 'value' are incompatible.
      Type 'ValueType | undefined' is not assignable to type 'number'.
        Type 'undefined' is not assignable to type 'number'.
src/components/features/report/PerformanceCharts.tsx(138,17): error TS2322: Type '(v: number) => string' is not assignable to type 'Formatter<ValueType, NameType> & ((value: ValueType, name: NameType, item: TooltipPayloadEntry, index: number, payload: TooltipPayload) => ReactNode | [...])'.
  Type '(v: number) => string' is not assignable to type 'Formatter<ValueType, NameType>'.
    Types of parameters 'v' and 'value' are incompatible.
      Type 'ValueType | undefined' is not assignable to type 'number'.
        Type 'undefined' is not assignable to type 'number'.
src/components/features/topology/NetworkTopology.tsx(107,38): error TS18047: 'data' is possibly 'null'.
src/components/features/topology/NetworkTopology.tsx(166,75): error TS18047: 'data' is possibly 'null'.
src/components/features/topology/NetworkTopology.tsx(185,94): error TS2352: Conversion of type 'BranchData | undefined' to type 'OltData' may be a mistake because neither type sufficiently overlaps with the other. If this was intentional, convert the expression to 'unknown' first.
  Type 'BranchData' is missing the following properties from type 'OltData': name, type, status, plannedPorts, and 2 more.
src/lib/errors.ts(172,7): error TS2698: Spread types may only be created from object types.
src/lib/response.ts(56,7): error TS2698: Spread types may only be created from object types.
src/lib/topology.ts(79,24): error TS2538: Type '{}' cannot be used as an index type.
src/lib/topology.ts(79,41): error TS2538: Type '{}' cannot be used as an index type.
src/lib/topology.ts(80,24): error TS2538: Type '{}' cannot be used as an index type.
src/lib/topology.ts(80,49): error TS2538: Type '{}' cannot be used as an index type.
src/lib/topology.ts(81,24): error TS2538: Type '{}' cannot be used as an index type.
src/lib/topology.ts(81,58): error TS2538: Type '{}' cannot be used as an index type.
src/lib/topology.ts(90,31): error TS2538: Type '{}' cannot be used as an index type.
src/utils/json.ts(105,7): error TS2322: Type 'unknown' is not assignable to type 'T[keyof T] | undefined'.
src/utils/json.ts(118,7): error TS2322: Type '{}' is not assignable to type 'T[keyof T]'.
  '{}' is assignable to the constraint of type 'T[keyof T]', but 'T[keyof T]' could be instantiated with a different subtype of constraint 'unknown'.
